// Jest Snapshot v1, https://goo.gl/fbAQLP

exports[`EditUser component tests Proper data render 1`] = `[Function]`;
