// Jest Snapshot v1, https://goo.gl/fbAQLP

exports[`LoaderWrapper component tests Test 1`] = `[Function]`;
