// Jest Snapshot v1, https://goo.gl/fbAQLP

exports[`AdItem component tests Snapshot 1`] = `[Function]`;
